2025-08-16 12:40:47,194 - INFO - 한국어 위키피디아 데이터 수집 시작
2025-08-16 12:40:47,604 - INFO - 대문에서 103개 링크 발견
2025-08-16 12:40:49,940 - INFO - 수집 완료: 위키 (3252 chars)
2025-08-16 12:40:49,940 - INFO - 진행률: 1/10 - 유효 문서: 1
2025-08-16 12:40:51,181 - INFO - 수집 완료: 위키백과 (11048 chars)
2025-08-16 12:40:51,181 - INFO - 진행률: 2/10 - 유효 문서: 2
2025-08-16 12:40:53,337 - INFO - 수집 완료: 백과사전 (4348 chars)
2025-08-16 12:40:53,337 - INFO - 진행률: 3/10 - 유효 문서: 3
2025-08-16 12:40:53,667 - INFO - 수집 완료: 월드 와이드 웹 (1728 chars)
2025-08-16 12:40:53,667 - INFO - 진행률: 4/10 - 유효 문서: 4
2025-08-16 12:40:55,935 - INFO - 수집 완료: 하마 (18916 chars)
2025-08-16 12:40:55,935 - INFO - 진행률: 5/10 - 유효 문서: 5
2025-08-16 12:40:56,519 - INFO - 수집 완료: 자유 저작물 (534 chars)
2025-08-16 12:40:56,519 - INFO - 진행률: 7/10 - 유효 문서: 6
2025-08-16 12:40:58,897 - INFO - 수집 완료: 학명 (3064 chars)
2025-08-16 12:40:58,897 - INFO - 진행률: 8/10 - 유효 문서: 7
2025-08-16 12:40:59,733 - INFO - 수집 완료: 문화어 (6464 chars)
2025-08-16 12:40:59,733 - INFO - 진행률: 9/10 - 유효 문서: 8
2025-08-16 12:41:01,852 - INFO - 수집 완료: 우제류 (459 chars)
2025-08-16 12:41:01,852 - INFO - 진행률: 10/10 - 유효 문서: 9
2025-08-16 12:41:01,853 - INFO - 데이터 저장 완료: data/korean_wikipedia_data.jsonl (9 문서)
