2025-08-16 12:45:45,659 - INFO - GPU: NVIDIA GeForce RTX 3060
2025-08-16 12:45:45,660 - INFO - VRAM: 11.6GB
2025-08-16 12:45:45,660 - INFO - 모델 로딩 시작: microsoft/DialoGPT-medium
2025-08-16 12:46:14,233 - INFO - 모델 로드 완료
2025-08-16 12:46:14,608 - ERROR - 모델 로드 실패: Target modules {'down_proj', 'o_proj', 'gate_proj', 'up_proj', 'k_proj', 'q_proj', 'v_proj'} not found in the base model. Please check the target modules and try again.
2025-08-16 12:46:43,029 - INFO - GPU: NVIDIA GeForce RTX 3060
2025-08-16 12:46:43,029 - INFO - VRAM: 11.6GB
2025-08-16 12:46:43,029 - INFO - 모델 로딩 시작: microsoft/DialoGPT-medium
2025-08-16 12:46:50,774 - INFO - 모델 로드 완료
2025-08-16 12:46:52,069 - INFO - LoRA 어댑터 적용 완료
2025-08-16 12:46:52,069 - INFO - GPU 메모리 사용량: 0.3GB / 11.6GB
2025-08-16 12:46:52,069 - INFO - 추론 테스트 시작
2025-08-16 12:46:52,322 - INFO - 입력: 안녕하세요! 
2025-08-16 12:46:52,322 - INFO - 출력: 안녕하세요! ime
2025-08-16 12:46:52,322 - INFO - 추론 테스트 시작
2025-08-16 12:46:52,440 - INFO - 입력: 대한민국의 수도는 
2025-08-16 12:46:52,440 - INFO - 출력: 대한민국의 수도는 xtranslations
2025-08-16 12:46:52,440 - INFO - 추론 테스트 시작
2025-08-16 12:46:52,501 - INFO - 입력: 인공지능이란 
2025-08-16 12:46:52,501 - INFO - 출력: 인공지능이란 ime
2025-08-16 12:46:52,501 - INFO - 추론 테스트 시작
2025-08-16 12:46:52,559 - INFO - 입력: 위키백과는 
2025-08-16 12:46:52,559 - INFO - 출력: 위키백과는 ents
2025-08-16 12:53:10,018 - INFO - GPU: NVIDIA GeForce RTX 3060
2025-08-16 12:53:10,018 - INFO - VRAM: 11.6GB
2025-08-16 12:53:10,018 - INFO - 모델 로딩 시작: microsoft/DialoGPT-medium
2025-08-16 12:53:17,716 - INFO - 모델 로드 완료
2025-08-16 12:53:18,913 - INFO - LoRA 어댑터 적용 완료
2025-08-16 12:53:18,913 - INFO - GPU 메모리 사용량: 0.3GB / 11.6GB
2025-08-16 12:53:18,913 - INFO - 데이터셋 로딩: data/korean_wikipedia_data.jsonl
2025-08-16 12:53:18,913 - INFO - 총 9개 샘플 로드
2025-08-16 12:53:20,677 - INFO - 토크나이징 완료: 9 샘플
2025-08-16 12:53:20,694 - INFO - 훈련 인자 설정 완료
2025-08-16 12:53:20,694 - INFO - 배치 크기: 2
2025-08-16 12:53:20,694 - INFO - 그래디언트 누적: 4
2025-08-16 12:53:20,694 - INFO - 유효 배치 크기: 8
2025-08-16 12:53:20,694 - INFO - 훈련 시작
2025-08-16 12:53:20,694 - ERROR - 훈련 실패: Unsloth: Model is in bfloat16 precision but you want to use float16 precision. Set fp16 to `False` and bf16 to `True`
2025-08-16 12:53:42,792 - INFO - GPU: NVIDIA GeForce RTX 3060
2025-08-16 12:53:42,792 - INFO - VRAM: 11.6GB
2025-08-16 12:53:42,792 - INFO - 모델 로딩 시작: microsoft/DialoGPT-medium
2025-08-16 12:53:50,264 - INFO - 모델 로드 완료
2025-08-16 12:53:51,477 - INFO - LoRA 어댑터 적용 완료
2025-08-16 12:53:51,477 - INFO - GPU 메모리 사용량: 0.3GB / 11.6GB
2025-08-16 12:53:51,477 - INFO - 데이터셋 로딩: data/korean_wikipedia_data.jsonl
2025-08-16 12:53:51,478 - INFO - 총 9개 샘플 로드
2025-08-16 12:53:53,228 - INFO - 토크나이징 완료: 9 샘플
2025-08-16 12:53:53,246 - INFO - 훈련 인자 설정 완료
2025-08-16 12:53:53,246 - INFO - 배치 크기: 2
2025-08-16 12:53:53,246 - INFO - 그래디언트 누적: 4
2025-08-16 12:53:53,246 - INFO - 유효 배치 크기: 8
2025-08-16 12:53:53,246 - INFO - 훈련 시작
2025-08-16 12:53:53,438 - INFO - 훈련 실행 중...
2025-08-16 12:53:53,705 - ERROR - 훈련 실패: CUDA error: device-side assert triggered
CUDA kernel errors might be asynchronously reported at some other API call, so the stacktrace below might be incorrect.
For debugging consider passing CUDA_LAUNCH_BLOCKING=1
Compile with `TORCH_USE_CUDA_DSA` to enable device-side assertions.

2025-08-16 12:54:33,451 - INFO - GPU: NVIDIA GeForce RTX 3060
2025-08-16 12:54:33,451 - INFO - VRAM: 11.6GB
2025-08-16 12:54:33,451 - INFO - 모델 로딩 시작: microsoft/DialoGPT-medium
2025-08-16 12:54:41,877 - INFO - 모델 로드 완료
2025-08-16 12:54:43,089 - INFO - LoRA 어댑터 적용 완료
2025-08-16 12:54:43,089 - INFO - GPU 메모리 사용량: 0.3GB / 11.6GB
2025-08-16 12:54:43,089 - INFO - 데이터셋 로딩: simple_korean_data.jsonl
2025-08-16 12:54:43,089 - INFO - 총 5개 샘플 로드
2025-08-16 12:54:43,089 - INFO - 유효한 텍스트 0개 선별
2025-08-16 12:54:43,091 - INFO - 토크나이징 완료: 0 샘플
2025-08-16 12:54:43,107 - INFO - 훈련 인자 설정 완료
2025-08-16 12:54:43,107 - INFO - 배치 크기: 1
2025-08-16 12:54:43,107 - INFO - 그래디언트 누적: 4
2025-08-16 12:54:43,107 - INFO - 유효 배치 크기: 4
2025-08-16 12:54:43,107 - INFO - 훈련 시작
2025-08-16 12:54:43,162 - ERROR - 훈련 실패: 
2025-08-16 12:55:04,333 - INFO - GPU: NVIDIA GeForce RTX 3060
2025-08-16 12:55:04,333 - INFO - VRAM: 11.6GB
2025-08-16 12:55:04,333 - INFO - 모델 로딩 시작: microsoft/DialoGPT-medium
2025-08-16 12:55:11,879 - INFO - 모델 로드 완료
2025-08-16 12:55:13,077 - INFO - LoRA 어댑터 적용 완료
2025-08-16 12:55:13,077 - INFO - GPU 메모리 사용량: 0.3GB / 11.6GB
2025-08-16 12:55:13,077 - INFO - 데이터셋 로딩: simple_korean_data.jsonl
2025-08-16 12:55:13,077 - INFO - 총 5개 샘플 로드
2025-08-16 12:55:13,077 - INFO - 유효한 텍스트 5개 선별
2025-08-16 12:55:14,833 - INFO - 토크나이징 완료: 5 샘플
2025-08-16 12:55:14,849 - INFO - 훈련 인자 설정 완료
2025-08-16 12:55:14,849 - INFO - 배치 크기: 1
2025-08-16 12:55:14,849 - INFO - 그래디언트 누적: 4
2025-08-16 12:55:14,849 - INFO - 유효 배치 크기: 4
2025-08-16 12:55:14,849 - INFO - 훈련 시작
2025-08-16 12:55:15,039 - INFO - 훈련 실행 중...
2025-08-16 12:55:18,465 - INFO - 훈련 완료! 소요 시간: 3.43초
2025-08-16 12:55:18,465 - INFO - 최종 Loss: 1.8577
2025-08-16 12:55:18,465 - INFO - 모델 저장: my_korean_gpt_oss_20b_lora
2025-08-16 12:55:19,316 - INFO - 모델 저장 완료
2025-08-16 12:55:19,316 - INFO - 추론 테스트 시작
2025-08-16 12:55:19,454 - INFO - 입력: 안녕하세요! 
2025-08-16 12:55:19,455 - INFO - 출력: 안녕하세요! igor
2025-08-16 12:55:19,455 - INFO - 추론 테스트 시작
2025-08-16 12:55:19,511 - INFO - 입력: 대한민국의 수도는 
2025-08-16 12:55:19,511 - INFO - 출력: 대한민국의 수도는 ime
2025-08-16 12:55:19,511 - INFO - 추론 테스트 시작
2025-08-16 12:55:19,650 - INFO - 입력: 인공지능이란 
2025-08-16 12:55:19,650 - INFO - 출력: 인공지능이란 eryong korean.
2025-08-16 12:55:19,650 - INFO - 추론 테스트 시작
2025-08-16 12:55:19,725 - INFO - 입력: 위키백과는 
2025-08-16 12:55:19,725 - INFO - 출력: 위키백과는 izg
